[    0.000000] Initializing cgroup subsys cpuset
[    0.000000] Initializing cgroup subsys cpu
[    0.000000] Initializing cgroup subsys cpuacct
[    0.000000] Linux version 4.4.0-87-generic (buildd@lgw01-28) (gcc version 5.4.0 20160609 (Ubuntu 5.4.0-6ubuntu1~16.04.4) ) #110-Ubuntu SMP Tue Jul 18 12:54:58 UTC 2017 (Ubuntu 4.4.0-87.110-generic 4.4.73)
[    0.000000] KERNEL supported cpus:
[    0.000000]   Intel GenuineIntel
[    0.000000]   AMD AuthenticAMD
[    0.000000]   NSC Geode by NSC
[    0.000000]   Cyrix CyrixInstead
[    0.000000]   Centaur CentaurHauls
[    0.000000]   Transmeta GenuineTMx86
[    0.000000]   Transmeta TransmetaCPU
[    0.000000]   UMC UMC UMC UMC
[    0.000000] x86/fpu: xstate_offset[2]:  576, xstate_sizes[2]:  256
[    0.000000] x86/fpu: Supporting XSAVE feature 0x01: 'x87 floating point registers'
[    0.000000] x86/fpu: Supporting XSAVE feature 0x02: 'SSE registers'
[    0.000000] x86/fpu: Supporting XSAVE feature 0x04: 'AVX registers'
[    0.000000] x86/fpu: Enabled xstate features 0x7, context size is 832 bytes, using 'standard' format.
[    0.000000] x86/fpu: Using 'lazy' FPU context switches.
[    0.000000] e820: BIOS-provided physical RAM map:
[    0.000000] BIOS-e820: [mem 0x0000000000000000-0x000000000009fbff] usable
[    0.000000] BIOS-e820: [mem 0x000000000009fc00-0x000000000009ffff] reserved
[    0.000000] BIOS-e820: [mem 0x00000000000f0000-0x00000000000fffff] reserved
[    0.000000] BIOS-e820: [mem 0x0000000000100000-0x000000007ffeffff] usable
[    0.000000] BIOS-e820: [mem 0x000000007fff0000-0x000000007fffffff] ACPI data
[    0.000000] BIOS-e820: [mem 0x00000000fec00000-0x00000000fec00fff] reserved
[    0.000000] BIOS-e820: [mem 0x00000000fee00000-0x00000000fee00fff] reserved
[    0.000000] BIOS-e820: [mem 0x00000000fffc0000-0x00000000ffffffff] reserved
[    0.000000] NX (Execute Disable) protection: active
[    0.000000] SMBIOS 2.5 present.
[    0.000000] Hypervisor detected: KVM
[    0.000000] e820: last_pfn = 0x7fff0 max_arch_pfn = 0x1000000
[    0.000000] MTRR: Disabled
[    0.000000] x86/PAT: MTRRs disabled, skipping PAT initialization too.
[    0.000000] x86/PAT: Configuration [0-7]: WB  WT  UC- UC  WB  WT  UC- UC  
[    0.000000] CPU MTRRs all blank - virtualized system.
[    0.000000] found SMP MP-table at [mem 0x0009fff0-0x0009ffff] mapped at [c009fff0]
[    0.000000] Scanning 1 areas for low memory corruption
[    0.000000] RAMDISK: [mem 0x36358000-0x371a3fff]
[    0.000000] ACPI: Early table checksum verification disabled
[    0.000000] ACPI: RSDP 0x00000000000E0000 000024 (v02 VBOX  )
[    0.000000] ACPI: XSDT 0x000000007FFF0030 00003C (v01 VBOX   VBOXXSDT 00000001 ASL  00000061)
[    0.000000] ACPI: FACP 0x000000007FFF00F0 0000F4 (v04 VBOX   VBOXFACP 00000001 ASL  00000061)
[    0.000000] ACPI: DSDT 0x000000007FFF0470 0021C8 (v02 VBOX   VBOXBIOS 00000002 INTL 20100528)
[    0.000000] ACPI: FACS 0x000000007FFF0200 000040
[    0.000000] ACPI: FACS 0x000000007FFF0200 000040
[    0.000000] ACPI: APIC 0x000000007FFF0240 00005C (v02 VBOX   VBOXAPIC 00000001 ASL  00000061)
[    0.000000] ACPI: SSDT 0x000000007FFF02A0 0001CC (v01 VBOX   VBOXCPUT 00000002 INTL 20100528)
[    0.000000] 1155MB HIGHMEM available.
[    0.000000] 891MB LOWMEM available.
[    0.000000]   mapped low ram: 0 - 37bfe000
[    0.000000]   low ram: 0 - 37bfe000
[    0.000000] kvm-clock: Using msrs 4b564d01 and 4b564d00
[    0.000000] kvm-clock: cpu 0, msr 0:37bfd001, primary cpu clock
[    0.000000] kvm-clock: using sched offset of 3975769286 cycles
[    0.000000] clocksource: kvm-clock: mask: 0xffffffffffffffff max_cycles: 0x1cd42e4dffb, max_idle_ns: 881590591483 ns
[    0.000000] Zone ranges:
[    0.000000]   DMA      [mem 0x0000000000001000-0x0000000000ffffff]
[    0.000000]   Normal   [mem 0x0000000001000000-0x0000000037bfdfff]
[    0.000000]   HighMem  [mem 0x0000000037bfe000-0x000000007ffeffff]
[    0.000000] Movable zone start for each node
[    0.000000] Early memory node ranges
[    0.000000]   node   0: [mem 0x0000000000001000-0x000000000009efff]
[    0.000000]   node   0: [mem 0x0000000000100000-0x000000007ffeffff]
[    0.000000] Initmem setup node 0 [mem 0x0000000000001000-0x000000007ffeffff]
[    0.000000] Using APIC driver default
[    0.000000] ACPI: PM-Timer IO Port: 0x4008
[    0.000000] IOAPIC[0]: apic_id 2, version 32, address 0xfec00000, GSI 0-23
[    0.000000] ACPI: INT_SRC_OVR (bus 0 bus_irq 0 global_irq 2 dfl dfl)
[    0.000000] ACPI: INT_SRC_OVR (bus 0 bus_irq 9 global_irq 9 high level)
[    0.000000] Using ACPI (MADT) for SMP configuration information
[    0.000000] smpboot: Allowing 2 CPUs, 0 hotplug CPUs
[    0.000000] PM: Registered nosave memory: [mem 0x00000000-0x00000fff]
[    0.000000] PM: Registered nosave memory: [mem 0x0009f000-0x0009ffff]
[    0.000000] PM: Registered nosave memory: [mem 0x000a0000-0x000effff]
[    0.000000] PM: Registered nosave memory: [mem 0x000f0000-0x000fffff]
[    0.000000] e820: [mem 0x80000000-0xfebfffff] available for PCI devices
[    0.000000] Booting paravirtualized kernel on KVM
[    0.000000] clocksource: refined-jiffies: mask: 0xffffffff max_cycles: 0xffffffff, max_idle_ns: 7645519600211568 ns
[    0.000000] setup_percpu: NR_CPUS:8 nr_cpumask_bits:8 nr_cpu_ids:2 nr_node_ids:1
[    0.000000] PERCPU: Embedded 19 pages/cpu @f71b0000 s47436 r0 d30388 u77824
[    0.000000] PV qspinlock hash table entries: 512 (order: 0, 4096 bytes)
[    0.000000] Built 1 zonelists in Zone order, mobility grouping on.  Total pages: 521944
[    0.000000] Kernel command line: BOOT_IMAGE=/boot/vmlinuz-4.4.0-87-generic root=UUID=ff822596-2025-4296-8512-67831e995760 ro console=tty1 console=ttyS0
[    0.000000] PID hash table entries: 4096 (order: 2, 16384 bytes)
[    0.000000] Dentry cache hash table entries: 131072 (order: 7, 524288 bytes)
[    0.000000] Inode-cache hash table entries: 65536 (order: 6, 262144 bytes)
[    0.000000] Initializing CPU#0
[    0.000000] Initializing HighMem for node 0 (00037bfe:0007fff0)
[    0.000000] Initializing Movable for node 0 (00000000:00000000)
[    0.000000] Memory: 2046632K/2096696K available (7962K kernel code, 770K rwdata, 3164K rodata, 940K init, 800K bss, 50064K reserved, 0K cma-reserved, 1183688K highmem)
[    0.000000] virtual kernel memory layout:
[    0.000000]     fixmap  : 0xfff15000 - 0xfffff000   ( 936 kB)
[    0.000000]     pkmap   : 0xffc00000 - 0xffe00000   (2048 kB)
[    0.000000]     vmalloc : 0xf83fe000 - 0xffbfe000   ( 120 MB)
[    0.000000]     lowmem  : 0xc0000000 - 0xf7bfe000   ( 891 MB)
[    0.000000]       .init : 0xc1ba1000 - 0xc1c8c000   ( 940 kB)
[    0.000000]       .data : 0xc17c6b8b - 0xc1b9fa80   (3939 kB)
[    0.000000]       .text : 0xc1000000 - 0xc17c6b8b   (7962 kB)
[    0.000000] Checking if this processor honours the WP bit even in supervisor mode...Ok.
[    0.000000] SLUB: HWalign=64, Order=0-3, MinObjects=0, CPUs=2, Nodes=1
[    0.000000] Hierarchical RCU implementation.
[    0.000000] 	Build-time adjustment of leaf fanout to 32.
[    0.000000] 	RCU restricting CPUs from NR_CPUS=8 to nr_cpu_ids=2.
[    0.000000] RCU: Adjusting geometry for rcu_fanout_leaf=32, nr_cpu_ids=2
[    0.000000] NR_IRQS:2304 nr_irqs:440 16
[    0.000000] Console: colour VGA+ 80x25
[    0.000000] console [tty1] enabled
[    0.000000] console [ttyS0] enabled
[    0.000000] allocated 2097152 bytes of page_ext
[    0.000000] tsc: Detected 2294.786 MHz processor
[    3.727827] Calibrating delay loop (skipped) preset value.. 4589.57 BogoMIPS (lpj=9179144)
[    3.730444] pid_max: default: 32768 minimum: 301
[    3.733427] ACPI: Core revision 20150930
[    3.738347] ACPI: 2 ACPI AML tables successfully acquired and loaded
[    3.758266] Security Framework initialized
[    3.759416] Yama: becoming mindful.
[    3.762071] AppArmor: AppArmor initialized
[    3.767488] Mount-cache hash table entries: 2048 (order: 1, 8192 bytes)
[    3.818271] Mountpoint-cache hash table entries: 2048 (order: 1, 8192 bytes)
[    3.819842] Initializing cgroup subsys io
[    3.820759] Initializing cgroup subsys memory
[    3.881961] Initializing cgroup subsys devices
[    3.983647] Initializing cgroup subsys freezer
[    4.090267] Initializing cgroup subsys net_cls
[    4.151907] Initializing cgroup subsys perf_event
[    4.152907] Initializing cgroup subsys net_prio
[    4.153889] Initializing cgroup subsys hugetlb
[    4.154868] Initializing cgroup subsys pids
[    4.155920] CPU: Physical Processor ID: 0
[    4.156815] CPU: Processor Core ID: 0
[    4.157679] mce: CPU supports 0 MCE banks
[    4.158650] Last level iTLB entries: 4KB 512, 2MB 8, 4MB 8
[    4.260529] Last level dTLB entries: 4KB 512, 2MB 32, 4MB 32, 1GB 0
[    4.294613] Freeing SMP alternatives memory: 28K (c1c8c000 - c1c93000)
[    4.310582] ftrace: allocating 31409 entries in 62 pages
[    4.380790] smpboot: APIC(0) Converting physical 0 to logical package 0
[    4.428847] smpboot: Max logical packages: 1
[    4.429810] Enabling APIC mode:  Flat.  Using 1 I/O APICs
[    4.432253] ..TIMER: vector=0x30 apic1=0 pin1=2 apic2=-1 pin2=-1
[    4.539520] smpboot: CPU0: Intel(R) Core(TM) i5-2410M CPU @ 2.30GHz (family: 0x6, model: 0x2a, stepping: 0x7)
[    4.544704] Performance Events: unsupported p6 CPU model 42 no PMU driver, software events only.
[    4.546826] KVM setup paravirtual spinlock
[    4.548614] x86: Booting SMP configuration:
[    4.620189] .... node  #0, CPUs:      #1
[1266874885.733782] Initializing CPU#1
[    4.621887] kvm-clock: cpu 1, msr 0:37bfd041, secondary cpu clock
[    4.623187] mce: CPU supports 0 MCE banks
[    4.626047] x86: Booted up 1 node, 2 CPUs
[    4.680878] smpboot: Total of 2 processors activated (9179.14 BogoMIPS)
[    4.682653] devtmpfs: initialized
[    4.703659] evm: security.selinux
[    4.706412] evm: security.SMACK64
[    4.707297] evm: security.SMACK64EXEC
[    4.708184] evm: security.SMACK64TRANSMUTE
[    4.709133] evm: security.SMACK64MMAP
[    4.710019] evm: security.ima
[    4.710820] evm: security.capability
[    4.712006] clocksource: jiffies: mask: 0xffffffff max_cycles: 0xffffffff, max_idle_ns: 7645041785100000 ns
[    4.790586] futex hash table entries: 512 (order: 3, 32768 bytes)
[    4.804701] pinctrl core: initialized pinctrl subsystem
[    4.815033] RTC time:  6:06:36, date: 08/08/17
[    4.838665] NET: Registered protocol family 16
[    4.918393] EISA bus registered
[    4.961853] cpuidle: using governor ladder
[    5.053931] cpuidle: using governor menu
[    5.145308] PCCT header not found.
[    5.230428] ACPI: bus type PCI registered
[    5.322269] acpiphp: ACPI Hot Plug PCI Controller Driver version: 0.5
[    5.398186] PCI : PCI BIOS area is rw and x. Use pci=nobios if you want it NX.
[    5.523032] PCI: PCI BIOS revision 2.10 entry at 0xfda26, last bus=0
[    5.722110] PCI: Using configuration type 1 for base access
[    5.775810] ACPI: Added _OSI(Module Device)
[    5.866791] ACPI: Added _OSI(Processor Device)
[    5.875212] ACPI: Added _OSI(3.0 _SCP Extensions)
[    5.909836] ACPI: Added _OSI(Processor Aggregator Device)
[    5.912392] ACPI: Executed 1 blocks of module-level executable AML code
[    5.936148] ACPI: Interpreter enabled
[    5.949517] ACPI: (supports S0 S5)
[    5.953806] ACPI: Using IOAPIC for interrupt routing
[    5.955107] PCI: Using host bridge windows from ACPI; if necessary, use "pci=nocrs" and report a bug
[    5.978513] ACPI: PCI Root Bridge [PCI0] (domain 0000 [bus 00-ff])
[    5.979751] acpi PNP0A03:00: _OSC: OS supports [ASPM ClockPM Segments MSI]
[    5.999338] acpi PNP0A03:00: _OSC failed (AE_NOT_FOUND); disabling ASPM
[    6.028236] acpi PNP0A03:00: fail to add MMCONFIG information, can't access extended PCI configuration space under this bridge.
[    6.077741] PCI host bridge to bus 0000:00
[    6.137731] pci_bus 0000:00: root bus resource [io  0x0000-0x0cf7 window]
[    6.139070] pci_bus 0000:00: root bus resource [io  0x0d00-0xffff window]
[    6.140521] pci_bus 0000:00: root bus resource [mem 0x000a0000-0x000bffff window]
[    6.229808] pci_bus 0000:00: root bus resource [mem 0x80000000-0xffdfffff window]
[    6.313236] pci_bus 0000:00: root bus resource [bus 00-ff]
[    6.318179] pci 0000:00:01.1: legacy IDE quirk: reg 0x10: [io  0x01f0-0x01f7]
[    6.359441] pci 0000:00:01.1: legacy IDE quirk: reg 0x14: [io  0x03f6]
[    6.361124] pci 0000:00:01.1: legacy IDE quirk: reg 0x18: [io  0x0170-0x0177]
[    6.401592] pci 0000:00:01.1: legacy IDE quirk: reg 0x1c: [io  0x0376]
[    6.513165] pci 0000:00:07.0: quirk: [io  0x4000-0x403f] claimed by PIIX4 ACPI
[    6.632858] pci 0000:00:07.0: quirk: [io  0x4100-0x410f] claimed by PIIX4 SMB
[    6.645264] ACPI: PCI Interrupt Link [LNKA] (IRQs 5 9 10 *11)
[    6.707479] ACPI: PCI Interrupt Link [LNKB] (IRQs 5 9 10 *11)
[    6.730052] ACPI: PCI Interrupt Link [LNKC] (IRQs 5 9 *10 11)
[    6.792772] ACPI: PCI Interrupt Link [LNKD] (IRQs 5 *9 10 11)
[    6.794548] ACPI: Enabled 2 GPEs in block 00 to 07
[    6.796049] vgaarb: setting as boot device: PCI:0000:00:02.0
[    6.808189] vgaarb: device added: PCI:0000:00:02.0,decodes=io+mem,owns=io+mem,locks=none
[    6.930685] vgaarb: loaded
[    6.940348] vgaarb: bridge control possible 0000:00:02.0
[    6.947883] SCSI subsystem initialized
[    6.960546] ACPI: bus type USB registered
[    6.993525] usbcore: registered new interface driver usbfs
[    7.041090] usbcore: registered new interface driver hub
[    7.042259] usbcore: registered new device driver usb
[    7.109808] PCI: Using ACPI for IRQ routing
[    7.177127] NetLabel: Initializing
[    7.204203] NetLabel:  domain hash size = 128
[    7.283717] NetLabel:  protocols = UNLABELED CIPSOv4
[    7.285208] NetLabel:  unlabeled traffic allowed by default
[    7.288161] amd_nb: Cannot enumerate AMD northbridges
[    7.289412] clocksource: Switched to clocksource kvm-clock
[    7.329043] AppArmor: AppArmor Filesystem Enabled
[    7.341607] pnp: PnP ACPI init
[    7.343605] pnp: PnP ACPI: found 3 devices
[    7.353161] PnPBIOS: Disabled by ACPI PNP
[    7.396512] clocksource: acpi_pm: mask: 0xffffff max_cycles: 0xffffff, max_idle_ns: 2085701024 ns
[    7.611497] NET: Registered protocol family 2
[    7.722540] TCP established hash table entries: 8192 (order: 3, 32768 bytes)
[    7.749551] TCP bind hash table entries: 8192 (order: 4, 65536 bytes)
[    7.755798] TCP: Hash tables configured (established 8192 bind 8192)
[    7.886919] UDP hash table entries: 512 (order: 2, 16384 bytes)
[    7.888109] UDP-Lite hash table entries: 512 (order: 2, 16384 bytes)
[    7.918962] NET: Registered protocol family 1
[    7.992183] pci 0000:00:00.0: Limiting direct PCI/PCI transfers
[    8.068948] pci 0000:00:01.0: Activating ISA DMA hang workarounds
[    8.110730] Unpacking initramfs...
[    8.414511] Freeing initrd memory: 14640K (f6358000 - f71a4000)
[    8.456996] RAPL PMU detected, API unit is 2^-32 Joules, 3 fixed counters 10737418240 ms ovfl timer
[    8.460871] hw unit of domain pp0-core 2^-0 Joules
[    8.463992] hw unit of domain package 2^-0 Joules
[    8.464993] hw unit of domain pp1-gpu 2^-0 Joules
[    8.466142] platform rtc_cmos: registered platform RTC device (no PNP device found)
[    8.469684] Scanning for low memory corruption every 60 seconds
[    8.477133] audit: initializing netlink subsys (disabled)
[    8.504556] audit: type=2000 audit(1502172399.250:1): initialized
[    8.618175] Initialise system trusted keyring
[    8.675026] HugeTLB registered 2 MB page size, pre-allocated 0 pages
[    8.791577] zbud: loaded
[    8.841928] VFS: Disk quotas dquot_6.6.0
[    8.886965] VFS: Dquot-cache hash table entries: 1024 (order 0, 4096 bytes)
[    8.888584] squashfs: version 4.0 (2009/01/31) Phillip Lougher
[    8.891945] fuse init (API version 7.23)
[    8.892987] Key type big_key registered
[    8.895465] Allocating IMA MOK and blacklist keyrings.
[    8.958466] Key type asymmetric registered
[    8.962967] Asymmetric key parser 'x509' registered
[    8.964005] bounce: pool size: 64 pages
[    8.966336] Block layer SCSI generic (bsg) driver version 0.4 loaded (major 249)
[    8.973102] io scheduler noop registered
[    8.978004] io scheduler deadline registered (default)
[    9.053963] io scheduler cfq registered
[    9.067975] pci_hotplug: PCI Hot Plug PCI Core version: 0.5
[    9.073144] pciehp: PCI Express Hot Plug Controller Driver version: 0.4
[    9.074662] ACPI: AC Adapter [AC] (on-line)
[    9.075645] input: Power Button as /devices/LNXSYSTM:00/LNXPWRBN:00/input/input0
[    9.079314] ACPI: Power Button [PWRF]
[    9.080232] input: Sleep Button as /devices/LNXSYSTM:00/LNXSLPBN:00/input/input1
[    9.085540] ACPI: Sleep Button [SLPF]
[    9.086661] GHES: HEST is not enabled!
[    9.134459] ACPI: Battery Slot [BAT0] (battery present)
[    9.141797] isapnp: Scanning for PnP cards...
[    9.162140] Serial: 8250/16550 driver, 32 ports, IRQ sharing enabled
[    9.225142] 00:02: ttyS0 at I/O 0x3f8 (irq = 4, base_baud = 115200) is a 16550A
[    9.239596] Linux agpgart interface v0.103
[    9.247813] loop: module loaded
[    9.260328] scsi host0: ata_piix
[    9.261429] scsi host1: ata_piix
[    9.262560] ata1: PATA max UDMA/33 cmd 0x1f0 ctl 0x3f6 bmdma 0xd000 irq 14
[    9.264213] ata2: PATA max UDMA/33 cmd 0x170 ctl 0x376 bmdma 0xd008 irq 15
[    9.266411] libphy: Fixed MDIO Bus: probed
[    9.267592] tun: Universal TUN/TAP device driver, 1.6
[    9.268907] tun: (C) 1999-2004 Max Krasnyansky <maxk@qualcomm.com>
[    9.270579] PPP generic driver version 2.4.2
[    9.271856] ehci_hcd: USB 2.0 'Enhanced' Host Controller (EHCI) Driver
[    9.281720] ehci-pci: EHCI PCI platform driver
[    9.290479] ehci-platform: EHCI generic platform driver
[    9.291650] ohci_hcd: USB 1.1 'Open' Host Controller (OHCI) Driver
[    9.292894] ohci-pci: OHCI PCI platform driver
[    9.293895] ohci-platform: OHCI generic platform driver
[    9.294999] uhci_hcd: USB Universal Host Controller Interface driver
[    9.296539] i8042: PNP: PS/2 Controller [PNP0303:PS2K,PNP0f03:PS2M] at 0x60,0x64 irq 1,12
[    9.299419] serio: i8042 KBD port at 0x60,0x64 irq 1
[    9.301967] serio: i8042 AUX port at 0x60,0x64 irq 12
[    9.303459] mousedev: PS/2 mouse device common for all mice
[    9.307114] input: AT Translated Set 2 keyboard as /devices/platform/i8042/serio0/input/input2
[    9.312278] rtc_cmos rtc_cmos: rtc core: registered rtc_cmos as rtc0
[    9.313729] rtc_cmos rtc_cmos: alarms up to one day, 114 bytes nvram
[    9.320641] i2c /dev entries driver
[    9.321788] device-mapper: uevent: version 1.0.3
[    9.323157] device-mapper: ioctl: 4.34.0-ioctl (2015-10-28) initialised: dm-devel@redhat.com
[    9.325455] platform eisa.0: Probing EISA bus 0
[    9.326741] platform eisa.0: EISA: Cannot allocate resource for mainboard
[    9.328398] platform eisa.0: Cannot allocate resource for EISA slot 1
[    9.329994] platform eisa.0: Cannot allocate resource for EISA slot 2
[    9.331569] platform eisa.0: Cannot allocate resource for EISA slot 3
[    9.336034] platform eisa.0: Cannot allocate resource for EISA slot 4
[    9.337658] platform eisa.0: Cannot allocate resource for EISA slot 5
[    9.339279] platform eisa.0: Cannot allocate resource for EISA slot 6
[    9.340893] platform eisa.0: Cannot allocate resource for EISA slot 7
[    9.342553] platform eisa.0: Cannot allocate resource for EISA slot 8
[    9.344175] platform eisa.0: EISA: Detected 0 cards
[    9.345489] cpufreq-nforce2: No nForce2 chipset.
[    9.346753] ledtrig-cpu: registered to indicate activity on CPUs
[    9.348614] NET: Registered protocol family 10
[    9.350298] NET: Registered protocol family 17
[    9.351544] Key type dns_resolver registered
[    9.352993] microcode: CPU0 sig=0x206a7, pf=0x10, revision=0x0
[    9.357593] microcode: CPU1 sig=0x206a7, pf=0x10, revision=0x0
[    9.360833] microcode: Microcode Update Driver: v2.01 <tigran@aivazian.fsnet.co.uk>, Peter Oruba
[    9.363205] Using IPI No-Shortcut mode
[    9.364411] registered taskstats version 1
[    9.365567] Loading compiled-in X.509 certificates
[    9.372549] Loaded X.509 cert 'Build time autogenerated kernel key: 55fe9c7b6ac8cd3de4564be7c734382515d9bbe8'
[    9.375177] zswap: loaded using pool lzo/zbud
[    9.377997] Key type trusted registered
[    9.392974] Key type encrypted registered
[    9.394163] AppArmor: AppArmor sha1 policy hashing enabled
[    9.395593] ima: No TPM chip found, activating TPM-bypass!
[    9.396884] evm: HMAC attrs: 0x1
[    9.407293]   Magic number: 13:311:114
[    9.408461] rtc_cmos rtc_cmos: setting system clock to 2017-08-08 06:06:41 UTC (1502172401)
[    9.410941] BIOS EDD facility v0.16 2004-Jun-25, 0 devices found
[    9.412544] EDD information not available.
[    9.489951] tsc: Refined TSC clocksource calibration: 2293.229 MHz
[    9.494841] clocksource: tsc: mask: 0xffffffffffffffff max_cycles: 0x210e39049c7, max_idle_ns: 440795286291 ns
[    9.534019] isapnp: No Plug & Play device found
[    9.618539] Freeing unused kernel memory: 940K (c1ba1000 - c1c8c000)
[    9.636309] Write protecting the kernel text: 7964k
[    9.637424] Write protecting the kernel read-only data: 3168k
[    9.640041] NX-protecting the kernel data: 6372k
Loading, please wait...
starting version[    9.654786] random: systemd-udevd: uninitialized urandom read (16 bytes read, 0 bits of entropy available)
 229
[    9.655177] random: udevadm: uninitialized urandom read (16 bytes read, 0 bits of entropy available)
[    9.655224] random: udevadm: uninitialized urandom read (16 bytes read, 0 bits of entropy available)
[    9.655378] random: udevadm: uninitialized urandom read (16 bytes read, 0 bits of entropy available)
[    9.655440] random: udevadm: uninitialized urandom read (16 bytes read, 0 bits of entropy available)
[    9.655494] random: udevadm: uninitialized urandom read (16 bytes read, 0 bits of entropy available)
[    9.655639] random: udevadm: uninitialized urandom read (16 bytes read, 0 bits of entropy available)
[    9.655696] random: udevadm: uninitialized urandom read (16 bytes read, 0 bits of entropy available)
[    9.655750] random: udevadm: uninitialized urandom read (16 bytes read, 0 bits of entropy available)
[    9.655806] random: udevadm: uninitialized urandom read (16 bytes read, 0 bits of entropy available)
[    9.792025] Fusion MPT base driver 3.04.20
[    9.805284] Copyright (c) 1999-2008 LSI Corporation
[    9.807016] e1000: Intel(R) PRO/1000 Network Driver - version 7.3.21-k8-NAPI
[    9.815639] e1000: Copyright (c) 1999-2006 Intel Corporation.
[    9.903403] Fusion MPT SPI Host driver 3.04.20
[   10.051125] input: ImExPS/2 Generic Explorer Mouse as /devices/platform/i8042/serio1/input/input4
[   10.217896] e1000 0000:00:03.0 eth0: (PCI:33MHz:32-bit) 02:1e:15:73:a4:ae
[   10.245971] e1000 0000:00:03.0 eth0: Intel(R) PRO/1000 Network Connection
[   10.259325] e1000 0000:00:03.0 enp0s3: renamed from eth0
[   10.295532] mptbase: ioc0: Initiating bringup
[   10.385835] ioc0: LSI53C1030 A0: Capabilities={Initiator}
[   10.607951] scsi host2: ioc0: LSI53C1030 A0, FwRev=00000000h, Ports=1, MaxQ=256, IRQ=20
[   10.834241] scsi 2:0:0:0: Direct-Access     VBOX     HARDDISK         1.0  PQ: 0 ANSI: 5
[   10.979376] scsi target2:0:0: Beginning Domain Validation
[   10.982765] scsi target2:0:0: Domain Validation skipping write tests
[   11.120608] scsi target2:0:0: Ending Domain Validation
[   11.214526] scsi target2:0:0: asynchronous
[   11.251296] scsi 2:0:1:0: Direct-Access     VBOX     HARDDISK         1.0  PQ: 0 ANSI: 5
[   11.293553] scsi target2:0:1: Beginning Domain Validation
[   11.297142] scsi target2:0:1: Domain Validation skipping write tests
[   11.357129] scsi target2:0:1: Ending Domain Validation
[   11.363182] scsi target2:0:1: asynchronous
[   11.393648] sd 2:0:0:0: [sda] 20971520 512-byte logical blocks: (10.7 GB/10.0 GiB)
[   11.393749] sd 2:0:0:0: Attached scsi generic sg0 type 0
[   11.394567] sd 2:0:1:0: Attached scsi generic sg1 type 0
[   11.413003] sd 2:0:1:0: [sdb] 20480 512-byte logical blocks: (10.5 MB/10.0 MiB)
[   11.413180] sd 2:0:0:0: [sda] Write Protect is off
[   11.413303] sd 2:0:0:0: [sda] Incomplete mode parameter data
[   11.413305] sd 2:0:0:0: [sda] Assuming drive cache: write through
[   11.461337] sd 2:0:1:0: [sdb] Write Protect is off
[   11.463108] sd 2:0:1:0: [sdb] Incomplete mode parameter data
[   11.466623] sd 2:0:1:0: [sdb] Assuming drive cache: write through
[   11.489700]  sda: sda1
[   11.493508] sd 2:0:0:0: [sda] Attached SCSI disk
[   11.510791] sd 2:0:1:0: [sdb] Attached SCSI disk
[   12.849513] floppy0: no floppy controllers found
Begin: Loading essential drivers ... [   14.245208] md: linear personality registered for level -1
[   14.367825] md: multipath personality registered for level -4
[   14.479544] md: raid0 personality registered for level 0
[   14.542497] md: raid1 personality registered for level 1
[   14.638229] raid6: mmxx1    gen()  4203 MB/s
[   14.726167] raid6: mmxx2    gen()  4528 MB/s
[   14.845472] raid6: sse1x1   gen()  3761 MB/s
[   14.973493] raid6: sse1x2   gen()  4352 MB/s
[   15.145575] raid6: sse2x1   gen()  7594 MB/s
[   15.261870] raid6: sse2x1   xor()  5857 MB/s
[   15.409536] raid6: sse2x2   gen()  9277 MB/s
[   15.541462] raid6: sse2x2   xor()  6484 MB/s
[   15.564336] raid6: using algorithm sse2x2 gen() 9277 MB/s
[   15.565459] raid6: .... xor() 6484 MB/s, rmw enabled
[   15.608368] raid6: using ssse3x1 recovery algorithm
[   15.636560] xor: automatically using best checksumming function:
[   15.685669]    avx       : 17656.000 MB/sec
[   15.699252] async_tx: api initialized (async)
[   15.749565] md: raid6 personality registered for level 6
[   15.751541] md: raid5 personality registered for level 5
[   15.763821] md: raid4 personality registered for level 4
[   15.775836] md: raid10 personality registered for level 10
done.
Begin: Running /scripts/init-premount ... done.
Begin: Mounting root file system ... Begin: Running /scripts/local-top ... done.
Begin: Running /scripts/local-premount ... [   15.934322] Btrfs loaded
Scanning for Btrfs filesystems
done.
Warning: fsck not present, so skipping root file system
[   16.129742] EXT4-fs (sda1): mounted filesystem with ordered data mode. Opts: (null)
done.
Begin: Running /scripts/local-bottom ... done.
Begin: Running /scripts/init-bottom ... done.
[   16.967122] random: nonblocking pool is initialized
[   17.239429] systemd[1]: systemd 229 running in system mode. (+PAM +AUDIT +SELINUX +IMA +APPARMOR +SMACK +SYSVINIT +UTMP +LIBCRYPTSETUP +GCRYPT +GNUTLS +ACL +XZ -LZ4 +SECCOMP +BLKID +ELFUTILS +KMOD -IDN)
[   17.386170] systemd[1]: Detected virtualization oracle.
[   17.401936] systemd[1]: Detected architecture x86.

Welcome to [1mUbuntu 16.04.3 LTS[0m!

[   17.519568] systemd[1]: Set hostname to <ubuntu-xenial>.
[   18.678007] systemd[1]: Started Forward Password Requests to Wall Directory Watch.
[[0;32m  OK  [0m] Started Forward Password Requests to Wall Directory Watch.
[   18.866273] systemd[1]: Reached target Swap.
[[0;32m  OK  [0m] Reached target Swap.
[   18.958474] systemd[1]: Listening on Journal Socket.
[[0;32m  OK  [0m] Listening on Journal Socket.
[   19.009941] systemd[1]: Listening on udev Kernel Socket.
[[0;32m  OK  [0m] Listening on udev Kernel Socket.
[   19.039486] systemd[1]: Listening on udev Control Socket.
[[0;32m  OK  [0m] Listening on udev Control Socket.
[   19.209782] systemd[1]: Listening on Syslog Socket.
[[0;32m  OK  [0m] Listening on Syslog Socket.
[   19.330104] systemd[1]: Listening on Journal Socket (/dev/log).
[[0;32m  OK  [0m] Listening on Journal Socket (/dev/log).
[   19.578580] systemd[1]: Listening on /dev/initctl Compatibility Named Pipe.
[[0;32m  OK  [0m] Listening on /dev/initctl Compatibility Named Pipe.
[   19.788007] systemd[1]: Listening on Device-mapper event daemon FIFOs.
[[0;32m  OK  [0m] Listening on Device-mapper event daemon FIFOs.
[   19.938132] systemd[1]: Listening on LVM2 poll daemon socket.
[[0;32m  OK  [0m] Listening on LVM2 poll daemon socket.
[   20.054774] systemd[1]: Listening on LVM2 metadata daemon socket.
[[0;32m  OK  [0m] Listening on LVM2 metadata daemon socket.
[   20.070199] systemd[1]: Set up automount Arbitrary Executable File Formats File System Automount Point.
[[0;32m  OK  [0m] Set up automount Arbitrary Executab...ats File System Automount Point.
[   20.294392] sysemd[1]: Reached target Encrypted Volumes.
[[0;32m  OK  [0m] Reached target Encrypted Volumes.
[   20.494117] systemd[1]: Reached target User and Group Name Lookups.
[[0;32m  OK  [0m] Reached target User and Group Name Lookups.
[   20.723492] systemd[1]: Created slice User and Session Slice.
[[0;32m  OK  [0m] Created slice User and Session Slice.
[   20.854342] systemd[1]: Listening on Journal Audit Socket.
[[0;32m  OK  [0m] Listening on Journal Audit Socket.
[   20.930060] systemd[1]: Started Trigger resolvconf update for networkd DNS.
[[0;32m  OK  [0m] Started Trigger resolvconf update for networkd DNS.
[   21.058207] systemd[1]: Created slice System Slice.
[[0;32m  OK  [0m] Created slice System Slice.
[   21.230328] systemd[1]: Starting Journal Service...
         Starting Journal Service...
[   21.350244] systemd[1]: Starting Create list of required static device nodes for the current kernel...
         Starting Create list of required st... nodes for the current kernel...
[   21.569579] systemd[1]: Mounting Debug File System...
         Mounting Debug File System...
[   21.694045] systemd[1]: Starting Nameserver information manager...
         Starting Nameserver information manager...
[   21.870243] systemd[1]: Starting Set console keymap...
         Starting Set console keymap...
[   21.999711] systemd[1]: Reached target Slices.
[[0;32m  OK  [0m] Reached target Slices.
[   22.118571] systemd[1]: Created slice system-serial\x2dgetty.slice.
[[0;32m  OK  [0m] Created slice system-serial\x2dgetty.slice.
[   22.226318] systemd[1]: Starting Load Kernel Modules...
         Starting Load Kernel Modules...
[   22.243214] systemd[1]: Starting Remount Root and Kernel File Systems...
         Starting Remount Root and Kernel File Systems...
[   22.292091] EXT4-fs (sda1): re-mounted. Opts: (null)
[   22.314323] systemd[1]: Mounting Huge Pages File System...
         Mounting Huge Pages File System...
[   22.401802] systemd[1]: Starting Monitoring of LVM2 mirrors, snapshots etc. using dmeventd or progress polling...
         Startin[   22.437484] Loading iSCSI transport class v2.0-870.
g Monitoring of LVM2 mirrors... dmeventd or progress polling...
[   22.494218] systemd[1]: Starting Uncomplicated firewall...
         Starting Uncomplicated [   22.549729] iscsi: registered transport (tcp)
firewall...
[   22.593639] systemd[1]: Mounting POSIX Message Queue File System...
         Mounting POSIX Message Queue File System...
[   22.691216] systemd[1]: Mounted Debug File System.
[   22.735979] iscsi: registered transport (iser)
[[0;32m  OK  [0m] Mounted Debug File System.
[   22.765744] systemd[1]: Mounted Huge Pages File System.
[[0;32m  OK  [0m] Mounted Huge Pages File System.
[   22.855906] systemd[1]: Mounted POSIX Message Queue File System.
[[0;32m  OK  [0m] Mounted POSIX Message Queue File System.
[   23.013308] systemd[1]: Started Journal Service.
[[0;32m  OK  [0m] Started Journal Service.
[[0;32m  OK  [0m] Started Create list of required sta...ce nodes for the current kernel.
[[0;32m  OK  [0m] Started Set console keymap.
[[0;32m  OK  [0m] Started Load Kernel Modules.
[[0;32m  OK  [0m] Started Remount Root and Kernel File Systems.
[[0;32m  OK  [0m] Started Uncomplicated firewall.
[[0;32m  OK  [0m] Started Nameserver information manager.
[[0;32m  OK  [0m] Started LVM2 metadata daemon.
         Starting Initial cloud-init job (pre-networking)...
         Starting udev Coldplug all Devices...
         Starting Load/Save Random Seed...
         Mounting FUSE Control File System...
         Starting Apply Kernel Variables...
         Starting Create Static Device Nodes in /dev...
         Starting Flush Journal to Persistent Storage...
[[0;32m  OK  [0m] Mounted FUSE Control File System.
[[0;32m  OK  [0m] Started Load/Save Random Seed.
[[0;32m  OK  [0m] Started Apply Kernel Variables.
[[0;32m  OK  [0m] Started udev Coldplug all Devices.
[[0;32m  OK  [0m] Started Flush Journal to Persistent Storage.
[[0;32m  OK  [0m] Started Monitoring of LVM2 mirrors,...ng dmeventd or progress polling.
[[0;32m  OK  [0m] Started Create Static Device Nodes in /dev.
         Starting udev Kernel Device Manager...
[[0;32m  OK  [0m] Started udev Kernel Device Manager.
[[0;32m  OK  [0m] Started Dispatch Password Requests to Console Directory Watch.
[[0;32m  OK  [0m] Reached target Local File Systems (Pre).
[[0;32m  OK  [0m] Reached target Local File Systems.
         Starting Create Volatile Files and Directories...
         Starting LSB: AppArmor initialization...
         Starting Tell Plymouth To Write Out Runtime Data...
         Starting Set console font and keymap...
[[0;32m  OK  [0m] Started Tell Plymouth To Write Out Runtime Data.
[[0;32m  OK  [0m] Found device /dev/ttyS0.
[[0;32m  OK  [0m] Started Create Volatile Files and Directories.
         Starting Update UTMP about System Boot/Shutdown...
[[0;32m  OK  [0m] Reached target System Time Synchronized.
[[0;32m  OK  [0m] Started Set console font and keymap.
[[0;32m  OK  [0m] Created slice system-getty.slice.
[[0;32m  OK  [0m] Found device 82540EM Gigabit Ethern...r (PRO/1000 MT Desktop Adapter).
[[0;32m  OK  [0m] Started Update UTMP about System Boot/Shutdown.
[[0;32m  OK  [0m] Listening on Load/Save RF Kill Switch Status /dev/rfkill Watch.
[[0;32m  OK  [0m] Started LSB: AppArmor initialization.
[   23.965592] cloud-init[423]: Cloud-init v. 0.7.9 running 'init-local' at Tue, 08 Aug 2017 06:07:02 +0000. Up 23.22 seconds.
[[0;32m  OK  [0m] Started Initial cloud-init job (pre-networking).
[[0;32m  OK  [0m] Reached target Network (Pre).
[[0;32m  OK  [0m] Started ifup for enp0s3.
         Starting Raise network interfaces...
[[0;32m  OK  [0m] Started Raise network interfaces.
         Starting Initial cloud-init job (metadata service crawler)...
[[0;32m  OK  [0m] Reached target Network.
[   25.687740] cloud-init[956]: Cloud-init v. 0.7.9 running 'init' at Tue, 08 Aug 2017 06:07:03 +0000. Up 24.92 seconds.
[   25.726739] cloud-init[956]: ci-info: +++++++++++++++++++++++++++++++++++++Net device info++++++++++++++++++++++++++++++++++++++
[   25.730940] cloud-init[956]: ci-info: +--------+------+----------------------------+---------------+-------+-------------------+
[   25.740470] cloud-init[956]: ci-info: | Device |  Up  |          Address           |      Mask     | Scope |     Hw-Address    |
[   25.748110] cloud-init[956]: ci-info: +--------+------+----------------------------+---------------+-------+-------------------+
[   25.758095] [cloud-init[0;32m  OK  [0m[956]: ] ci-info: | enp0s3 | True |         10.0.2.15          | 255.255.255.0 |   .   | 02:1e:15:73:a4:ae |Started Initial cloud-init job (metadata service crawler).

[   25.758613] cloud-init[956]: ci-info: | enp0s3 | True | fe80::1e:15ff:fe73:a4ae/64 |       .       |  link | 02:1e:15:73:a4:ae |
[[0;32m  OK  [0m] Reached target Cloud-config availability.
[[0;32m  OK  [0m] Reached target System Initialization.
[   25.806980] cloud-init[956]: ci-info: |   lo   | True |         127.0.0.1          |   255.0.0.0   |   .   |         .         |
[   25.865894]          cloud-initStarting LXD - unix socket.[956]: 
ci-info: |   lo   | True |          ::1/128           |       .       |  host |         .         |
[   25.884113] cloud-init[956]: ci-info: +--------+------+----------------------------+---------------+-------+-------------------+
[   25.889389] cloud-init[956]: ci-info: +++++++++++++++++++++++++++Route IPv4 info++++++++++++++++++++++++++++
[   25.903961] cloud-init[956]: ci-info: +-------+-------------+----------+---------------+-----------+-------+
[   25.917184] cloud-init[956]: ci-info: | Route | Destination | Gateway  |    Genmask    | Interface | Flags |
[   25.921381] cloud-init[956]: ci-info: +-------+-------------+----------+---------------+-----------+-------+
[   25.935031] [cloud-init[0;32m  OK  [0m[956]: ] ci-info: |   0   |   0.0.0.0   | 10.0.2.2 |    0.0.0.0    |   enp0s3  |   UG  |Started Timer to automatically refresh installed snaps.

[   25.935648] cloud-init[956]: ci-info: |   1   |   10.0.2.0  | 0.0.0.0  | 255.255.255.0 |   enp0s3  |   U   |
[   26.026958] [cloud-init[0;32m  OK  [0m[956]: ] ci-info: +-------+-------------+----------+---------------+-----------+-------+Started ACPI Events Check.

[[0;32m  OK  [0m] Reached target Paths.
[[0;32m  OK  [0m] Listening on D-Bus System Message Bus Socket.
[[0;32m  OK  [0m] Listening on ACPID Listen Socket.
         Starting Socket activation for snappy daemon.
[[0;32m  OK  [0m] Started Daily Cleanup of Temporary Directories.
[[0;32m  OK  [0m] Listening on UUID daemon activation socket.
[[0;32m  OK  [0m] Reached target Network is Online.
[[0;32m  OK  [0m] Started Daily apt download activities.
[[0;32m  OK  [0m] Started Daily apt upgrade and clean activities.
[[0;32m  OK  [0m] Reached target Timers.
         Starting iSCSI initiator daemon (iscsid)...
[[0;32m  OK  [0m] Listening on LXD - unix socket.
[[0;32m  OK  [0m] Listening on Socket activation for snappy daemon.
[[0;32m  OK  [0m] Reached target Sockets.
[[0;32m  OK  [0m] Reached target Basic System.
[[0;32m  OK  [0m] Started Deferred execution scheduler.
         Starting Accounts Service...
[[0;32m  OK  [0m] Started D-Bus System Message Bus.
         Starting LSB: MD monitoring daemon...
[[0;32m  OK  [0m] Started ACPI event daemon.
         Starting LSB: Record successful boot for GRUB...
         Starting /etc/rc.local Compatibility...
[[0;32m  OK  [0m] Started Snappy daemon.
         Starting Auto import assertions from block devices...
[[0;32m  OK  [0m] Started Unattended Upgrades Shutdown.
         Starting Apply the settings specified in cloud-config...
[[0;32m  OK  [0m] Started FUSE filesystem for LXC.
         Starting Login Service...
[[0;32m  OK  [0m] Started Regular background program processing daemon.
         Starting System Logging Service...
         Starting OpenBSD Secure Shell server...
         Starting LXD - container startup/shutdown...
[[0;32m  OK  [0m] Started /etc/rc.local Compatibility.
[[0;32m  OK  [0m] Started Auto import assertions from block devices.
         Starting Authenticate and Authorize Users to Run Privileged Tasks...
[[0;32m  OK  [0m] Started Login Service.
[[0;32m  OK  [0m] Started iSCSI initiator daemon (iscsid).
         Starting Login to default iSCSI targets...
[[0;32m  OK  [0m] Started LSB: Record successful boot for GRUB.
[[0;32m  OK  [0m] Started System Logging Service.
[[0;32m  OK  [0m] Started Login to default iSCSI targets.
[[0;32m  OK  [0m] Reached target Remote File Systems (Pre).
[   28.182864] [cloud-init[0;32m  OK  [0m[1039]: ] Cloud-init v. 0.7.9 running 'modules:config' at Tue, 08 Aug 2017 06:07:06 +0000. Up 27.70 seconds.Reached target Remote File Systems.

         Starting LSB: daemon to balance interrupts for SMP systems...
         Starting LSB: Set the CPU Frequency Scaling governor to "ondemand"...
         Starting LSB: VirtualBox Linux Additions...
         Starting LSB: Start Jenkins at boot time...
         Starting LSB: automatic crash report generation...
         Starting Permit User Sessions...
[[0;32m  OK  [0m] Started LSB: MD monitoring daemon.
[[0;32m  OK  [0m] Started Apply the settings specified in cloud-config.
[[0;32m  OK  [0m] Started Authenticate and Authorize Users to Run Privileged Tasks.
[[0;32m  OK  [0m] Started Permit User Sessions.
[[0;32m  OK  [0m] Started Accounts Service.
[[0;32m  OK  [0m] Started LSB: Set the CPU Frequency Scaling governor to "ondemand".
         Starting Hold until boot process finishes up...
         Starting Terminate Plymouth Boot Screen...
[[0;32m  OK  [0m] Started Hold until boot process finishes up.
[[0;32m  OK  [0m] Started Terminate Plymouth Boot Screen.
[[0;32m  OK  [0m] Started LSB: daemon to balance interrupts for SMP systems.
[[0;32m  OK  [0m] Started Serial Getty on ttyS0.
         Starting Set console scheme...
[[0;32m  OK  [0m] Started Getty on tty1.
[[0;32m  OK  [0m] Reached target Login Prompts.
[[0;32m  OK  [0m] Started Set console scheme.
[[0;32m  OK  [0m] Started OpenBSD Secure Shell server.
[[0;32m  OK  [0m] Started LSB: automatic crash report generation.
[[0;32m  OK  [0m] Started LSB: VirtualBox Linux Additions.
[[0;32m  OK  [0m] Created slice User Slice of ubuntu.
[[0;32m  OK  [0m] Started Session 1 of user ubuntu.
         Starting User Manager for UID 1000...
[[0;32m  OK  [0m] Created slice User Slice of jenkins.
         Starting User Manager for UID 112...
[[0;32m  OK  [0m] Started Session c1 of user jenkins.
[[0;32m  OK  [0m] Started User Manager for UID 1000.
[[0;32m  OK  [0m] Started User Manager for UID 112.
[[0;32m  OK  [0m] Started LXD - container startup/shutdown.
[[0;32m  OK  [0m] Started LSB: Start Jenkins at boot time.
[[0;32m  OK  [0m] Reached target Multi-User System.
         Starting Execute cloud user/final scripts...
[[0;32m  OK  [0m] Reached target Graphical Interface.
         Starting Update UTMP about System Runlevel Changes...
[[0;32m  OK  [0m] Started Update UTMP about System Runlevel Changes.
[   32.413442] cloud-init[1297]: Cloud-init v. 0.7.9 running 'modules:final' at Tue, 08 Aug 2017 06:07:10 +0000. Up 32.07 seconds.
[   32.465116] cloud-init[1297]: Cloud-init v. 0.7.9 finished at Tue, 08 Aug 2017 06:07:11 +0000. Datasource DataSourceNoCloud [seed=/dev/sdb][dsmode=net].  Up 32.40 seconds
[[0;32m  OK  [0m] Started Execute cloud user/final scripts.
[[0;32m  OK  [0m] Reached target Cloud-init target.

Ubuntu 16.04.3 LTS ubuntu-xenial ttyS0

ubuntu-xenial login: 