[    0.000000] Initializing cgroup subsys cpuset
[    0.000000] Initializing cgroup subsys cpu
[    0.000000] Initializing cgroup subsys cpuacct
[    0.000000] Linux version 4.4.0-89-generic (buildd@lgw01-59) (gcc version 5.4.0 20160609 (Ubuntu 5.4.0-6ubuntu1~16.04.4) ) #112-Ubuntu SMP Mon Jul 31 19:37:10 UTC 2017 (Ubuntu 4.4.0-89.112-generic 4.4.76)
[    0.000000] KERNEL supported cpus:
[    0.000000]   Intel GenuineIntel
[    0.000000]   AMD AuthenticAMD
[    0.000000]   NSC Geode by NSC
[    0.000000]   Cyrix CyrixInstead
[    0.000000]   Centaur CentaurHauls
[    0.000000]   Transmeta GenuineTMx86
[    0.000000]   Transmeta TransmetaCPU
[    0.000000]   UMC UMC UMC UMC
[    0.000000] x86/fpu: xstate_offset[2]:  576, xstate_sizes[2]:  256
[    0.000000] x86/fpu: Supporting XSAVE feature 0x01: 'x87 floating point registers'
[    0.000000] x86/fpu: Supporting XSAVE feature 0x02: 'SSE registers'
[    0.000000] x86/fpu: Supporting XSAVE feature 0x04: 'AVX registers'
[    0.000000] x86/fpu: Enabled xstate features 0x7, context size is 832 bytes, using 'standard' format.
[    0.000000] x86/fpu: Using 'lazy' FPU context switches.
[    0.000000] e820: BIOS-provided physical RAM map:
[    0.000000] BIOS-e820: [mem 0x0000000000000000-0x000000000009fbff] usable
[    0.000000] BIOS-e820: [mem 0x000000000009fc00-0x000000000009ffff] reserved
[    0.000000] BIOS-e820: [mem 0x00000000000f0000-0x00000000000fffff] reserved
[    0.000000] BIOS-e820: [mem 0x0000000000100000-0x000000007ffeffff] usable
[    0.000000] BIOS-e820: [mem 0x000000007fff0000-0x000000007fffffff] ACPI data
[    0.000000] BIOS-e820: [mem 0x00000000fec00000-0x00000000fec00fff] reserved
[    0.000000] BIOS-e820: [mem 0x00000000fee00000-0x00000000fee00fff] reserved
[    0.000000] BIOS-e820: [mem 0x00000000fffc0000-0x00000000ffffffff] reserved
[    0.000000] NX (Execute Disable) protection: active
[    0.000000] SMBIOS 2.5 present.
[    0.000000] Hypervisor detected: KVM
[    0.000000] e820: last_pfn = 0x7fff0 max_arch_pfn = 0x1000000
[    0.000000] MTRR: Disabled
[    0.000000] x86/PAT: MTRRs disabled, skipping PAT initialization too.
[    0.000000] x86/PAT: Configuration [0-7]: WB  WT  UC- UC  WB  WT  UC- UC  
[    0.000000] CPU MTRRs all blank - virtualized system.
[    0.000000] found SMP MP-table at [mem 0x0009fff0-0x0009ffff] mapped at [c009fff0]
[    0.000000] Scanning 1 areas for low memory corruption
[    0.000000] RAMDISK: [mem 0x36356000-0x371a2fff]
[    0.000000] ACPI: Early table checksum verification disabled
[    0.000000] ACPI: RSDP 0x00000000000E0000 000024 (v02 VBOX  )
[    0.000000] ACPI: XSDT 0x000000007FFF0030 00003C (v01 VBOX   VBOXXSDT 00000001 ASL  00000061)
[    0.000000] ACPI: FACP 0x000000007FFF00F0 0000F4 (v04 VBOX   VBOXFACP 00000001 ASL  00000061)
[    0.000000] ACPI: DSDT 0x000000007FFF0470 0021C8 (v02 VBOX   VBOXBIOS 00000002 INTL 20100528)
[    0.000000] ACPI: FACS 0x000000007FFF0200 000040
[    0.000000] ACPI: FACS 0x000000007FFF0200 000040
[    0.000000] ACPI: APIC 0x000000007FFF0240 00005C (v02 VBOX   VBOXAPIC 00000001 ASL  00000061)
[    0.000000] ACPI: SSDT 0x000000007FFF02A0 0001CC (v01 VBOX   VBOXCPUT 00000002 INTL 20100528)
[    0.000000] 1155MB HIGHMEM available.
[    0.000000] 891MB LOWMEM available.
[    0.000000]   mapped low ram: 0 - 37bfe000
[    0.000000]   low ram: 0 - 37bfe000
[    0.000000] kvm-clock: Using msrs 4b564d01 and 4b564d00
[    0.000000] kvm-clock: cpu 0, msr 0:37bfd001, primary cpu clock
[    0.000000] kvm-clock: using sched offset of 4242271865 cycles
[    0.000000] clocksource: kvm-clock: mask: 0xffffffffffffffff max_cycles: 0x1cd42e4dffb, max_idle_ns: 881590591483 ns
[    0.000000] Zone ranges:
[    0.000000]   DMA      [mem 0x0000000000001000-0x0000000000ffffff]
[    0.000000]   Normal   [mem 0x0000000001000000-0x0000000037bfdfff]
[    0.000000]   HighMem  [mem 0x0000000037bfe000-0x000000007ffeffff]
[    0.000000] Movable zone start for each node
[    0.000000] Early memory node ranges
[    0.000000]   node   0: [mem 0x0000000000001000-0x000000000009efff]
[    0.000000]   node   0: [mem 0x0000000000100000-0x000000007ffeffff]
[    0.000000] Initmem setup node 0 [mem 0x0000000000001000-0x000000007ffeffff]
[    0.000000] Using APIC driver default
[    0.000000] ACPI: PM-Timer IO Port: 0x4008
[    0.000000] IOAPIC[0]: apic_id 2, version 32, address 0xfec00000, GSI 0-23
[    0.000000] ACPI: INT_SRC_OVR (bus 0 bus_irq 0 global_irq 2 dfl dfl)
[    0.000000] ACPI: INT_SRC_OVR (bus 0 bus_irq 9 global_irq 9 high level)
[    0.000000] Using ACPI (MADT) for SMP configuration information
[    0.000000] smpboot: Allowing 2 CPUs, 0 hotplug CPUs
[    0.000000] PM: Registered nosave memory: [mem 0x00000000-0x00000fff]
[    0.000000] PM: Registered nosave memory: [mem 0x0009f000-0x0009ffff]
[    0.000000] PM: Registered nosave memory: [mem 0x000a0000-0x000effff]
[    0.000000] PM: Registered nosave memory: [mem 0x000f0000-0x000fffff]
[    0.000000] e820: [mem 0x80000000-0xfebfffff] available for PCI devices
[    0.000000] Booting paravirtualized kernel on KVM
[    0.000000] clocksource: refined-jiffies: mask: 0xffffffff max_cycles: 0xffffffff, max_idle_ns: 7645519600211568 ns
[    0.000000] setup_percpu: NR_CPUS:8 nr_cpumask_bits:8 nr_cpu_ids:2 nr_node_ids:1
[    0.000000] PERCPU: Embedded 19 pages/cpu @f71b0000 s47436 r0 d30388 u77824
[    0.000000] PV qspinlock hash table entries: 512 (order: 0, 4096 bytes)
[    0.000000] Built 1 zonelists in Zone order, mobility grouping on.  Total pages: 521944
[    0.000000] Kernel command line: BOOT_IMAGE=/boot/vmlinuz-4.4.0-89-generic root=UUID=ff822596-2025-4296-8512-67831e995760 ro console=tty1 console=ttyS0
[    0.000000] PID hash table entries: 4096 (order: 2, 16384 bytes)
[    0.000000] Dentry cache hash table entries: 131072 (order: 7, 524288 bytes)
[    0.000000] Inode-cache hash table entries: 65536 (order: 6, 262144 bytes)
[    0.000000] Initializing CPU#0
[    0.000000] Initializing HighMem for node 0 (00037bfe:0007fff0)
[    0.000000] Initializing Movable for node 0 (00000000:00000000)
[    0.000000] Memory: 2046628K/2096696K available (7963K kernel code, 766K rwdata, 3164K rodata, 940K init, 800K bss, 50068K reserved, 0K cma-reserved, 1183688K highmem)
[    0.000000] virtual kernel memory layout:
[    0.000000]     fixmap  : 0xfff15000 - 0xfffff000   ( 936 kB)
[    0.000000]     pkmap   : 0xffc00000 - 0xffe00000   (2048 kB)
[    0.000000]     vmalloc : 0xf83fe000 - 0xffbfe000   ( 120 MB)
[    0.000000]     lowmem  : 0xc0000000 - 0xf7bfe000   ( 891 MB)
[    0.000000]       .init : 0xc1ba1000 - 0xc1c8c000   ( 940 kB)
[    0.000000]       .data : 0xc17c700b - 0xc1b9fb40   (3938 kB)
[    0.000000]       .text : 0xc1000000 - 0xc17c700b   (7964 kB)
[    0.000000] Checking if this processor honours the WP bit even in supervisor mode...Ok.
[    0.000000] SLUB: HWalign=64, Order=0-3, MinObjects=0, CPUs=2, Nodes=1
[    0.000000] Hierarchical RCU implementation.
[    0.000000] 	Build-time adjustment of leaf fanout to 32.
[    0.000000] 	RCU restricting CPUs from NR_CPUS=8 to nr_cpu_ids=2.
[    0.000000] RCU: Adjusting geometry for rcu_fanout_leaf=32, nr_cpu_ids=2
[    0.000000] NR_IRQS:2304 nr_irqs:440 16
[    0.000000] Console: colour VGA+ 80x25
[    0.000000] console [tty1] enabled
[    0.000000] console [ttyS0] enabled
[    0.000000] allocated 2097152 bytes of page_ext
[    0.000000] tsc: Detected 2294.788 MHz processor
[    2.433496] Calibrating delay loop (skipped) preset value.. 4589.57 BogoMIPS (lpj=9179152)
[    2.445501] pid_max: default: 32768 minimum: 301
[    2.455402] ACPI: Core revision 20150930
[    2.461152] ACPI: 2 ACPI AML tables successfully acquired and loaded
[    2.471832] Security Framework initialized
[    2.494146] Yama: becoming mindful.
[    2.503364] AppArmor: AppArmor initialized
[    2.512583] Mount-cache hash table entries: 2048 (order: 1, 8192 bytes)
[    2.537221] Mountpoint-cache hash table entries: 2048 (order: 1, 8192 bytes)
[    2.550655] Initializing cgroup subsys io
[    2.553009] Initializing cgroup subsys memory
[    2.563387] Initializing cgroup subsys devices
[    2.569258] Initializing cgroup subsys freezer
[    2.595043] Initializing cgroup subsys net_cls
[    2.606656] Initializing cgroup subsys perf_event
[    2.642981] Initializing cgroup subsys net_prio
[    2.644711] Initializing cgroup subsys hugetlb
[    2.656922] Initializing cgroup subsys pids
[    2.666681] CPU: Physical Processor ID: 0
[    2.672548] CPU: Processor Core ID: 0
[    2.676158] mce: CPU supports 0 MCE banks
[    2.677983] Last level iTLB entries: 4KB 512, 2MB 8, 4MB 8
[    2.684177] Last level dTLB entries: 4KB 512, 2MB 32, 4MB 32, 1GB 0
[    2.694700] Freeing SMP alternatives memory: 28K (c1c8c000 - c1c93000)
[    2.735070] ftrace: allocating 31412 entries in 62 pages
[    2.818314] smpboot: APIC(0) Converting physical 0 to logical package 0
[    2.827440] smpboot: Max logical packages: 1
[    2.830908] Enabling APIC mode:  Flat.  Using 1 I/O APICs
[    2.843590] ..TIMER: vector=0x30 apic1=0 pin1=2 apic2=-1 pin2=-1
[    2.966643] smpboot: CPU0: Intel(R) Core(TM) i5-2410M CPU @ 2.30GHz (family: 0x6, model: 0x2a, stepping: 0x7)
[    2.986927] Performance Events: unsupported p6 CPU model 42 no PMU driver, software events only.
[    2.996687] KVM setup paravirtual spinlock
[    2.999091] x86: Booting SMP configuration:
[    3.025680] .... node  #0, CPUs:      #1
[1266874885.467279] Initializing CPU#1
[    3.040997] kvm-clock: cpu 1, msr 0:37bfd041, secondary cpu clock
[    3.042464] mce: CPU supports 0 MCE banks
[    3.069123] x86: Booted up 1 node, 2 CPUs
[    3.077295] smpboot: Total of 2 processors activated (9179.15 BogoMIPS)
[    3.083380] devtmpfs: initialized
[    3.106930] evm: security.selinux
[    3.120236] evm: security.SMACK64
[    3.124726] evm: security.SMACK64EXEC
[    3.128921] evm: security.SMACK64TRANSMUTE
[    3.132397] evm: security.SMACK64MMAP
[    3.133754] evm: security.ima
[    3.144030] evm: security.capability
[    3.156761] clocksource: jiffies: mask: 0xffffffff max_cycles: 0xffffffff, max_idle_ns: 7645041785100000 ns
[    3.176203] futex hash table entries: 512 (order: 3, 32768 bytes)
[    3.209700] pinctrl core: initialized pinctrl subsystem
[    3.227608] RTC time: 11:21:58, date: 08/17/17
[    3.233748] NET: Registered protocol family 16
[    3.252815] EISA bus registered
[    3.263199] cpuidle: using governor ladder
[    3.295516] cpuidle: using governor menu
[    3.315001] PCCT header not found.
[    3.319228] ACPI: bus type PCI registered
[    3.332834] acpiphp: ACPI Hot Plug PCI Controller Driver version: 0.5
[    3.344063] PCI : PCI BIOS area is rw and x. Use pci=nobios if you want it NX.
[    3.381058] PCI: PCI BIOS revision 2.10 entry at 0xfda26, last bus=0
[    3.387486] PCI: Using configuration type 1 for base access
[    3.400557] ACPI: Added _OSI(Module Device)
[    3.430873] ACPI: Added _OSI(Processor Device)
[    3.432028] ACPI: Added _OSI(3.0 _SCP Extensions)
[    3.439616] ACPI: Added _OSI(Processor Aggregator Device)
[    3.465160] ACPI: Executed 1 blocks of module-level executable AML code
[    3.486868] ACPI: Interpreter enabled
[    3.494872] ACPI: (supports S0 S5)
[    3.518582] ACPI: Using IOAPIC for interrupt routing
[    3.525747] PCI: Using host bridge windows from ACPI; if necessary, use "pci=nocrs" and report a bug
[    3.553443] ACPI: PCI Root Bridge [PCI0] (domain 0000 [bus 00-ff])
[    3.568738] acpi PNP0A03:00: _OSC: OS supports [ASPM ClockPM Segments MSI]
[    3.593036] acpi PNP0A03:00: _OSC failed (AE_NOT_FOUND); disabling ASPM
[    3.602431] acpi PNP0A03:00: fail to add MMCONFIG information, can't access extended PCI configuration space under this bridge.
[    3.630174] PCI host bridge to bus 0000:00
[    3.651563] pci_bus 0000:00: root bus resource [io  0x0000-0x0cf7 window]
[    3.676957] pci_bus 0000:00: root bus resource [io  0x0d00-0xffff window]
[    3.684454] pci_bus 0000:00: root bus resource [mem 0x000a0000-0x000bffff window]
[    3.717148] pci_bus 0000:00: root bus resource [mem 0x80000000-0xffdfffff window]
[    3.767784] pci_bus 0000:00: root bus resource [bus 00-ff]
[    3.864941] pci 0000:00:01.1: legacy IDE quirk: reg 0x10: [io  0x01f0-0x01f7]
[    3.872334] pci 0000:00:01.1: legacy IDE quirk: reg 0x14: [io  0x03f6]
[    3.898357] pci 0000:00:01.1: legacy IDE quirk: reg 0x18: [io  0x0170-0x0177]
[    3.908032] pci 0000:00:01.1: legacy IDE quirk: reg 0x1c: [io  0x0376]
[    3.955189] pci 0000:00:07.0: quirk: [io  0x4000-0x403f] claimed by PIIX4 ACPI
[    3.981570] pci 0000:00:07.0: quirk: [io  0x4100-0x410f] claimed by PIIX4 SMB
[    3.998191] ACPI: PCI Interrupt Link [LNKA] (IRQs 5 9 10 *11)
[    4.031442] ACPI: PCI Interrupt Link [LNKB] (IRQs 5 9 10 *11)
[    4.046631] ACPI: PCI Interrupt Link [LNKC] (IRQs 5 9 *10 11)
[    4.048438] ACPI: PCI Interrupt Link [LNKD] (IRQs 5 *9 10 11)
[    4.055897] ACPI: Enabled 2 GPEs in block 00 to 07
[    4.057628] vgaarb: setting as boot device: PCI:0000:00:02.0
[    4.095848] vgaarb: device added: PCI:0000:00:02.0,decodes=io+mem,owns=io+mem,locks=none
[    4.107448] vgaarb: loaded
[    4.114925] vgaarb: bridge control possible 0000:00:02.0
[    4.135094] SCSI subsystem initialized
[    4.138940] ACPI: bus type USB registered
[    4.147105] usbcore: registered new interface driver usbfs
[    4.148531] usbcore: registered new interface driver hub
[    4.152660] usbcore: registered new device driver usb
[    4.161046] PCI: Using ACPI for IRQ routing
[    4.163844] NetLabel: Initializing
[    4.172780] NetLabel:  domain hash size = 128
[    4.192528] NetLabel:  protocols = UNLABELED CIPSOv4
[    4.200932] NetLabel:  unlabeled traffic allowed by default
[    4.209374] amd_nb: Cannot enumerate AMD northbridges
[    4.257264] clocksource: Switched to clocksource kvm-clock
[    4.309111] AppArmor: AppArmor Filesystem Enabled
[    4.334008] pnp: PnP ACPI init
[    4.340246] pnp: PnP ACPI: found 3 devices
[    4.367990] PnPBIOS: Disabled by ACPI PNP
[    4.451459] clocksource: acpi_pm: mask: 0xffffff max_cycles: 0xffffff, max_idle_ns: 2085701024 ns
[    4.603557] NET: Registered protocol family 2
[    4.604758] TCP established hash table entries: 8192 (order: 3, 32768 bytes)
[    4.620477] TCP bind hash table entries: 8192 (order: 4, 65536 bytes)
[    4.649755] TCP: Hash tables configured (established 8192 bind 8192)
[    4.668280] UDP hash table entries: 512 (order: 2, 16384 bytes)
[    4.676479] UDP-Lite hash table entries: 512 (order: 2, 16384 bytes)
[    4.678243] NET: Registered protocol family 1
[    4.684537] pci 0000:00:00.0: Limiting direct PCI/PCI transfers
[    4.697353] pci 0000:00:01.0: Activating ISA DMA hang workarounds
[    4.719693] Unpacking initramfs...
[    5.080092] Freeing initrd memory: 14644K (f6356000 - f71a3000)
[    5.161615] RAPL PMU detected, API unit is 2^-32 Joules, 3 fixed counters 10737418240 ms ovfl timer
[    5.186318] hw unit of domain pp0-core 2^-0 Joules
[    5.266141] hw unit of domain package 2^-0 Joules
[    5.367977] hw unit of domain pp1-gpu 2^-0 Joules
[    5.380633] platform rtc_cmos: registered platform RTC device (no PNP device found)
[    5.473696] Scanning for low memory corruption every 60 seconds
[    5.496061] audit: initializing netlink subsys (disabled)
[    5.498703] audit: type=2000 audit(1502968923.338:1): initialized
[    5.570860] Initialise system trusted keyring
[    5.607936] HugeTLB registered 2 MB page size, pre-allocated 0 pages
[    5.724676] zbud: loaded
[    5.735278] VFS: Disk quotas dquot_6.6.0
[    5.742560] VFS: Dquot-cache hash table entries: 1024 (order 0, 4096 bytes)
[    5.760650] squashfs: version 4.0 (2009/01/31) Phillip Lougher
[    5.785289] fuse init (API version 7.23)
[    5.805995] Key type big_key registered
[    5.815876] Allocating IMA MOK and blacklist keyrings.
[    5.824846] Key type asymmetric registered
[    5.838938] Asymmetric key parser 'x509' registered
[    5.850803] bounce: pool size: 64 pages
[    5.858821] Block layer SCSI generic (bsg) driver version 0.4 loaded (major 249)
[    5.878731] io scheduler noop registered
[    5.883020] io scheduler deadline registered (default)
[    5.898477] io scheduler cfq registered
[    5.918128] pci_hotplug: PCI Hot Plug PCI Core version: 0.5
[    5.927697] pciehp: PCI Express Hot Plug Controller Driver version: 0.4
[    5.930674] ACPI: AC Adapter [AC] (on-line)
[    5.931754] input: Power Button as /devices/LNXSYSTM:00/LNXPWRBN:00/input/input0
[    5.936863] ACPI: Power Button [PWRF]
[    5.967712] input: Sleep Button as /devices/LNXSYSTM:00/LNXSLPBN:00/input/input1
[    6.016588] ACPI: Sleep Button [SLPF]
[    6.030689] GHES: HEST is not enabled!
[    6.031540] ACPI: Battery Slot [BAT0] (battery present)
[    6.135822] isapnp: Scanning for PnP cards...
[    6.171751] Serial: 8250/16550 driver, 32 ports, IRQ sharing enabled
[    6.212659] 00:02: ttyS0 at I/O 0x3f8 (irq = 4, base_baud = 115200) is a 16550A
[    6.238991] Linux agpgart interface v0.103
[    6.274563] loop: module loaded
[    6.280177] scsi host0: ata_piix
[    6.283872] scsi host1: ata_piix
[    6.308541] ata1: PATA max UDMA/33 cmd 0x1f0 ctl 0x3f6 bmdma 0xd000 irq 14
[    6.319829] ata2: PATA max UDMA/33 cmd 0x170 ctl 0x376 bmdma 0xd008 irq 15
[    6.349741] libphy: Fixed MDIO Bus: probed
[    6.368969] tun: Universal TUN/TAP device driver, 1.6
[    6.383647] tun: (C) 1999-2004 Max Krasnyansky <maxk@qualcomm.com>
[    6.386874] tsc: Refined TSC clocksource calibration: 2294.765 MHz
[    6.425247] clocksource: tsc: mask: 0xffffffffffffffff max_cycles: 0x2113e3db7d9, max_idle_ns: 440795204567 ns
[    6.443844] PPP generic driver version 2.4.2
[    6.455625] ehci_hcd: USB 2.0 'Enhanced' Host Controller (EHCI) Driver
[    6.457374] ehci-pci: EHCI PCI platform driver
[    6.461865] ehci-platform: EHCI generic platform driver
[    6.494591] ohci_hcd: USB 1.1 'Open' Host Controller (OHCI) Driver
[    6.514110] ohci-pci: OHCI PCI platform driver
[    6.515561] ohci-platform: OHCI generic platform driver
[    6.528292] uhci_hcd: USB Universal Host Controller Interface driver
[    6.537576] i8042: PNP: PS/2 Controller [PNP0303:PS2K,PNP0f03:PS2M] at 0x60,0x64 irq 1,12
[    6.539721] isapnp: No Plug & Play device found
[    6.568453] serio: i8042 KBD port at 0x60,0x64 irq 1
[    6.583241] serio: i8042 AUX port at 0x60,0x64 irq 12
[    6.665497] mousedev: PS/2 mouse device common for all mice
[    6.730776] rtc_cmos rtc_cmos: rtc core: registered rtc_cmos as rtc0
[    6.735736] input: AT Translated Set 2 keyboard as /devices/platform/i8042/serio0/input/input2
[    6.757037] rtc_cmos rtc_cmos: alarms up to one day, 114 bytes nvram
[    6.797660] i2c /dev entries driver
[    6.820417] device-mapper: uevent: version 1.0.3
[    6.830064] device-mapper: ioctl: 4.34.0-ioctl (2015-10-28) initialised: dm-devel@redhat.com
[    6.846136] platform eisa.0: Probing EISA bus 0
[    6.852644] platform eisa.0: EISA: Cannot allocate resource for mainboard
[    6.856659] platform eisa.0: Cannot allocate resource for EISA slot 1
[    6.860060] platform eisa.0: Cannot allocate resource for EISA slot 2
[    6.863340] platform eisa.0: Cannot allocate resource for EISA slot 3
[    6.874077] platform eisa.0: Cannot allocate resource for EISA slot 4
[    6.876927] platform eisa.0: Cannot allocate resource for EISA slot 5
[    6.878734] platform eisa.0: Cannot allocate resource for EISA slot 6
[    6.880804] platform eisa.0: Cannot allocate resource for EISA slot 7
[    6.887062] platform eisa.0: Cannot allocate resource for EISA slot 8
[    6.891417] platform eisa.0: EISA: Detected 0 cards
[    6.892473] cpufreq-nforce2: No nForce2 chipset.
[    6.893543] ledtrig-cpu: registered to indicate activity on CPUs
[    6.901619] NET: Registered protocol family 10
[    6.905015] NET: Registered protocol family 17
[    6.907696] Key type dns_resolver registered
[    6.925751] microcode: CPU0 sig=0x206a7, pf=0x10, revision=0x0
[    6.930143] microcode: CPU1 sig=0x206a7, pf=0x10, revision=0x0
[    6.938760] microcode: Microcode Update Driver: v2.01 <tigran@aivazian.fsnet.co.uk>, Peter Oruba
[    6.952080] Using IPI No-Shortcut mode
[    6.953475] registered taskstats version 1
[    6.976333] Loading compiled-in X.509 certificates
[    6.980507] Loaded X.509 cert 'Build time autogenerated kernel key: 3354a186009cc19ca7a59c7992526e8aa8a217b5'
[    6.989008] zswap: loaded using pool lzo/zbud
[    6.994012] Key type trusted registered
[    7.008007] Key type encrypted registered
[    7.025337] AppArmor: AppArmor sha1 policy hashing enabled
[    7.027596] ima: No TPM chip found, activating TPM-bypass!
[    7.028964] evm: HMAC attrs: 0x1
[    7.030689]   Magic number: 13:278:378
[    7.047656] rtc_cmos rtc_cmos: setting system clock to 2017-08-17 11:22:02 UTC (1502968922)
[    7.060096] BIOS EDD facility v0.16 2004-Jun-25, 0 devices found
[    7.118798] EDD information not available.
[    7.135052] Freeing unused kernel memory: 940K (c1ba1000 - c1c8c000)
[    7.145521] Write protecting the kernel text: 7968k
[    7.161792] Write protecting the kernel read-only data: 3168k
[    7.164381] NX-protecting the kernel data: 6368k
Loading, please [    7.181160] random: systemd-udevd: uninitialized urandom read (16 bytes read, 2 bits of entropy available)
wait...
startin[    7.181761] random: udevadm: uninitialized urandom read (16 bytes read, 2 bits of entropy available)
g version 229
[    7.181808] random: udevadm: uninitialized urandom read (16 bytes read, 2 bits of entropy available)
[    7.182036] random: udevadm: uninitialized urandom read (16 bytes read, 2 bits of entropy available)
[    7.182098] random: udevadm: uninitialized urandom read (16 bytes read, 2 bits of entropy available)
[    7.182155] random: udevadm: uninitialized urandom read (16 bytes read, 2 bits of entropy available)
[    7.182227] random: udevadm: uninitialized urandom read (16 bytes read, 2 bits of entropy available)
[    7.182286] random: udevadm: uninitialized urandom read (16 bytes read, 2 bits of entropy available)
[    7.182340] random: udevadm: uninitialized urandom read (16 bytes read, 2 bits of entropy available)
[    7.182396] random: udevadm: uninitialized urandom read (16 bytes read, 2 bits of entropy available)
[    7.466921] Fusion MPT base driver 3.04.20
[    7.484443] Copyright (c) 1999-2008 LSI Corporation
[    7.520133] e1000: Intel(R) PRO/1000 Network Driver - version 7.3.21-k8-NAPI
[    7.523927] e1000: Copyright (c) 1999-2006 Intel Corporation.
[    7.550306] Fusion MPT SPI Host driver 3.04.20
[    7.727163] input: ImExPS/2 Generic Explorer Mouse as /devices/platform/i8042/serio1/input/input4
[    7.941409] e1000 0000:00:03.0 eth0: (PCI:33MHz:32-bit) 02:1e:15:73:a4:ae
[    7.985031] e1000 0000:00:03.0 eth0: Intel(R) PRO/1000 Network Connection
[    7.996239] e1000 0000:00:03.0 enp0s3: renamed from eth0
[    8.005239] mptbase: ioc0: Initiating bringup
[    8.070185] ioc0: LSI53C1030 A0: Capabilities={Initiator}
[    8.255586] scsi host2: ioc0: LSI53C1030 A0, FwRev=00000000h, Ports=1, MaxQ=256, IRQ=20
[    8.465934] scsi 2:0:0:0: Direct-Access     VBOX     HARDDISK         1.0  PQ: 0 ANSI: 5
[    8.534730] scsi target2:0:0: Beginning Domain Validation
[    8.587790] scsi target2:0:0: Domain Validation skipping write tests
[    8.594993] scsi target2:0:0: Ending Domain Validation
[    8.596160] scsi target2:0:0: asynchronous
[    8.597651] scsi 2:0:1:0: Direct-Access     VBOX     HARDDISK         1.0  PQ: 0 ANSI: 5
[    8.686278] scsi target2:0:1: Beginning Domain Validation
[    8.736003] scsi target2:0:1: Domain Validation skipping write tests
[    8.776388] scsi target2:0:1: Ending Domain Validation
[    8.782803] scsi target2:0:1: asynchronous
[    8.807216] sd 2:0:0:0: [sda] 20971520 512-byte logical blocks: (10.7 GB/10.0 GiB)
[    8.857702] sd 2:0:0:0: Attached scsi generic sg0 type 0
[    8.911012] sd 2:0:0:0: [sda] Write Protect is off
[    8.923212] sd 2:0:1:0: [sdb] 20480 512-byte logical blocks: (10.5 MB/10.0 MiB)
[    8.923278] sd 2:0:1:0: Attached scsi generic sg1 type 0
[    8.926093] sd 2:0:0:0: [sda] Incomplete mode parameter data
[    8.926095] sd 2:0:0:0: [sda] Assuming drive cache: write through
[    8.955227]  sda: sda1
[    8.955849] sd 2:0:0:0: [sda] Attached SCSI disk
[    9.035190] sd 2:0:1:0: [sdb] Write Protect is off
[    9.072916] sd 2:0:1:0: [sdb] Incomplete mode parameter data
[    9.087024] sd 2:0:1:0: [sdb] Assuming drive cache: write through
[    9.140718] sd 2:0:1:0: [sdb] Attached SCSI disk
[   10.474128] floppy0: no floppy controllers found
Begin: Loading e[   11.902041] md: linear personality registered for level -1
ssential drivers[   11.975871] md: multipath personality registered for level -4
 ... [   12.022716] md: raid0 personality registered for level 0
[   12.072724] md: raid1 personality registered for level 1
[   12.238241] raid6: mmxx1    gen()  4286 MB/s
[   12.317496] raid6: mmxx2    gen()  3886 MB/s
[   12.401364] raid6: sse1x1   gen()  3409 MB/s
[   12.477736] raid6: sse1x2   gen()  4170 MB/s
[   12.569893] raid6: sse2x1   gen()  7049 MB/s
[   12.657690] raid6: sse2x1   xor()  5308 MB/s
[   12.745624] raid6: sse2x2   gen()  8643 MB/s
[   12.825331] raid6: sse2x2   xor()  5921 MB/s
[   12.895633] raid6: using algorithm sse2x2 gen() 8643 MB/s
[   12.941663] raid6: .... xor() 5921 MB/s, rmw enabled
[   13.001279] raid6: using ssse3x1 recovery algorithm
[   13.048733] xor: automatically using best checksumming function:
[   13.165733]    avx       : 18748.000 MB/sec
[   13.230073] async_tx: api initialized (async)
[   13.311995] md: raid6 personality registered for level 6
[   13.341200] md: raid5 personality registered for level 5
[   13.344696] md: raid4 personality registered for level 4
[   13.379839] md: raid10 personality registered for level 10
done.
Begin: Running /scripts/init-premount ... done.
Begin: Mounting root file system ... Begin: Running /scripts/local-top ... done.
Begin: Running /scripts/local-premount ... [   13.464425] Btrfs loaded
Scanning for Btrfs filesystems
done.
Warning: fsck no[   13.552078] EXT4-fs (sda1): INFO: recovery required on readonly filesystem
t present, so sk[   13.620838] EXT4-fs (sda1): write access will be enabled during recovery
ipping root file system
[   14.131505] random: nonblocking pool is initialized
[   14.252138] EXT4-fs (sda1): orphan cleanup on readonly fs
[   14.390389] EXT4-fs (sda1): 1 orphan inode deleted
[   14.454533] EXT4-fs (sda1): recovery complete
[   14.471284] EXT4-fs (sda1): mounted filesystem with ordered data mode. Opts: (null)
done.
Begin: Running /scripts/local-bottom ... done.
Begin: Running /scripts/init-bottom ... done.
[   15.130436] systemd[1]: systemd 229 running in system mode. (+PAM +AUDIT +SELINUX +IMA +APPARMOR +SMACK +SYSVINIT +UTMP +LIBCRYPTSETUP +GCRYPT +GNUTLS +ACL +XZ -LZ4 +SECCOMP +BLKID +ELFUTILS +KMOD -IDN)
[   15.297690] systemd[1]: Detected virtualization oracle.
[   15.302994] systemd[1]: Detected architecture x86.

Welcome to [1mUbuntu 16.04.3 LTS[0m!

[   15.407742] systemd[1]: Set hostname to <ubuntu-xenial>.
[   16.239872] systemd[1]: Created slice User and Session Slice.
[[0;32m  OK  [0m] Created slice User and Session Slice.
[   16.405565] systemd[1]: Started Forward Password Requests to Wall Directory Watch.
[[0;32m  OK  [0m] Started Forward Password Requests to Wall Directory Watch.
[   16.477971] systemd[1]: Listening on LVM2 metadata daemon socket.
[[0;32m  OK  [0m] Listening on LVM2 metadata daemon socket.
[   16.628701] systemd[1]: Listening on Syslog Socket.
[[0;32m  OK  [0m] Listening on Syslog Socket.
[   16.670574] systemd[1]: Reached target Swap.
[[0;32m  OK  [0m] Reached target Swap.
[   16.688394] systemd[1]: Listening on udev Control Socket.
[[0;32m  OK  [0m] Listening on udev Control Socket.
[   16.722342] systemd[1]: Reached target Encrypted Volumes.
[[0;32m  OK  [0m] Reached target Encrypted Volumes.
[   16.792931] systemd[1]: Started Trigger resolvconf update for networkd DNS.
[[0;32m  OK  [0m] Started Trigger resolvconf update for networkd DNS.
[   16.870146] systemd[1]: Set up automount Arbitrary Executable File Formats File System Automount Point.
[[0;32m  OK  [0m] Set up automount Arbitrary Executab...ats File System Automount Point.
[   17.014498] systemd[1]: Created slice System Slice.
[[0;32m  OK  [0m] Created slice System Slice.
[   17.118273] systemd[1]: Created slice system-serial\x2dgetty.slice.
[[0;32m  OK  [0m] Created slice system-serial\x2dgetty.slice.
[   17.246046] systemd[1]: Listening on Journal Audit Socket.
[[0;32m  OK  [0m] Listening on Journal Audit Socket.
[   17.341907] systemd[1]: Listening on /dev/initctl Compatibility Named Pipe.
[[0;32m  OK  [0m] Listening on /dev/initctl Compatibility Named Pipe.
[   17.405317] systemd[1]: Listening on Journal Socket (/dev/log).
[[0;32m  OK  [0m] Listening on Journal Socket (/dev/log).
[   17.433855] systemd[1]: Reached target Slices.
[[0;32m  OK  [0m] Reached target Slices.
[   17.458231] systemd[1]: Listening on LVM2 poll daemon socket.
[[0;32m  OK  [0m] Listening on LVM2 poll daemon socket.
[   17.518165] systemd[1]: Listening on Journal Socket.
[[0;32m  OK  [0m] Listening on Journal Socket.
[   17.625718] systemd[1]: Starting Load Kernel Modules...
         Starting Load Kernel Modules...
[   17.701650] systemd[1]: Starting Journal Service...
         Starting Journal Service...
[   17.777817] systemd[1]: Mounting Huge Pages File System...
         Mounting Huge Pages File System...
[   17.801718] Loading iSCSI transport class v2.0-870.
[   17.826501] systemd[1]: Mounting Debug File System...
         Mounting Debug File System...
[   17.841753] systemd[1]: Starting Remount Root and Kernel File Systems...
         Starting Remount Root and Kernel File Systems...
[   17.874263] systemd[1]: Listening on udev Kernel Socket.
[   17.897162] iscsi: registered transport (tcp)
[[0;32m  OK  [0m] Listening on udev Kernel Socket.
[   17.978313] systemd[1]: Starting Uncomplicated firewall...
         [   18.001315] EXT4-fs (sda1): re-mounted. Opts: (null)
Starting Uncomplicated firewall...
[   18.066648] systemd[1]: Starting Set console keymap...
         Starting Set console keymap...
[   18.084307] systemd[1]: Listening on Device-mapper event daemon FIFOs.
[[0;32m  OK  [0m] Listening on Device-mapper event daemon FIFOs.
[   18.206492] systemd[1]: Reached target User and Group Name Lookups.
[[0;32m  OK  [0m] Reached target User and Group Name Lookups.
[   18.305734] systemd[1]: Starting Create list of required static device nodes for the current kernel...
         Starting Create list of required st... nodes for the current kernel...
[   18.356914] systemd[1]: Mounting POSIX Message Queue File System...
[   18.362172] iscsi: registered transport (iser)
         Mounting POSIX Message Queue File System...
[   18.373650] systemd[1]: Starting Nameserver information manager...
         Starting Nameserver information manager...
[   18.458378] systemd[1]: Starting Monitoring of LVM2 mirrors, snapshots etc. using dmeventd or progress polling...
         Starting Monitoring of LVM2 mirrors... dmeventd or progress polling...
[   18.539313] systemd[1]: Mounted Debug File System.
[[0;32m  OK  [0m] Mounted Debug File System.
[   18.574516] systemd[1]: Mounted Huge Pages File System.
[[0;32m  OK  [0m] Mounted Huge Pages File System.
[   18.595657] systemd[1]: Mounted POSIX Message Queue File System.
[[0;32m  OK  [0m] Mounted POSIX Message Queue File System.
[   18.614283] systemd[1]: Started Journal Service.
[[0;32m  OK  [0m] Started Journal Service.
[[0;32m  OK  [0m] Started Load Kernel Modules.
[[0;32m  OK  [0m] Started Remount Root and Kernel File Systems.
[[0;32m  OK  [0m] Started Uncomplicated firewall.
[[0;32m  OK  [0m] Started Set console keymap.
[[0;32m  OK  [0m] Started Create list of required sta...ce nodes for the current kernel.
[[0;32m  OK  [0m] Started Nameserver information manager.
[[0;32m  OK  [0m] Started LVM2 metadata daemon.
         Starting Create Static Device Nodes in /dev...
         Starting udev Coldplug all Devices...
         Starting Initial cloud-init job (pre-networking)...
         Starting Load/Save Random Seed...
         Starting Apply Kernel Variables...
         Mounting FUSE Control File System...
         Starting Flush Journal to Persistent Storage...
[[0;32m  OK  [0m] Mounted FUSE Control File System.
[[0;32m  OK  [0m] Started Create Static Device Nodes in /dev.
[[0;32m  OK  [0m] Started Monitoring of LVM2 mirrors,...ng dmeventd or progress polling.
[[0;32m  OK  [0m] Started Load/Save Random Seed.
[[0;32m  OK  [0m] Started Apply Kernel Variables.
[[0;32m  OK  [0m] Started udev Coldplug all Devices.
         Starting udev Kernel Device Manager...
[[0;32m  OK  [0m] Started Flush Journal to Persistent Storage.
[[0;32m  OK  [0m] Started udev Kernel Device Manager.
[[0;32m  OK  [0m] Reached target Local File Systems (Pre).
[[0;32m  OK  [0m] Reached target Local File Systems.
         Starting Tell Plymouth To Write Out Runtime Data...
         Starting Create Volatile Files and Directories...
         Starting LSB: AppArmor initialization...
         Starting Set console font and keymap...
[[0;32m  OK  [0m] Started Dispatch Password Requests to Console Directory Watch.
[[0;32m  OK  [0m] Started Tell Plymouth To Write Out Runtime Data.
[[0;32m  OK  [0m] Started Create Volatile Files and Directories.
[[0;32m  OK  [0m] Reached target System Time Synchronized.
         Starting Update UTMP about System Boot/Shutdown...
[[0;32m  OK  [0m] Found device /dev/ttyS0.
[[0;32m  OK  [0m] Started Update UTMP about System Boot/Shutdown.
[[0;32m  OK  [0m] Found device 82540EM Gigabit Ethern...r (PRO/1000 MT Desktop Adapter).
[[0;32m  OK  [0m] Started Set console font and keymap.
[[0;32m  OK  [0m] Created slice system-getty.slice.
[[0;32m  OK  [0m] Listening on Load/Save RF Kill Switch Status /dev/rfkill Watch.
[[0;32m  OK  [0m] Started LSB: AppArmor initialization.
[   20.531994] cloud-init[437]: Cloud-init v. 0.7.9 running 'init-local' at Thu, 17 Aug 2017 11:22:18 +0000. Up 19.89 seconds.
[[0;32m  OK  [0m] Started Initial cloud-init job (pre-networking).
[[0;32m  OK  [0m] Reached target Network (Pre).
         Starting Raise network interfaces...
[[0;32m  OK  [0m] Started ifup for enp0s3.
[[0;32m  OK  [0m] Started Raise network interfaces.
[[0;32m  OK  [0m] Reached target Network.
         Starting Initial cloud-init job (metadata service crawler)...
[   22.816772] cloud-init[971]: Cloud-init v. 0.7.9 running 'init' at Thu, 17 Aug 2017 11:22:21 +0000. Up 22.00 seconds.
[   22.846064] cloud-init[971]: ci-info: +++++++++++++++++++++++++++++++++++++Net device info++++++++++++++++++++++++++++++++++++++
[   22.884867] cloud-init[971]: ci-info: +--------+------+----------------------------+---------------+-------+-------------------+
[   22.916456] cloud-init[971]: ci-info: | Device |  Up  |          Address           |      Mask     | Scope |     Hw-Address    |
[   22.917060] cloud-init[971]: ci-info: +--------+------+----------------------------+---------------+-------+-------------------+
[   22.917256] cloud-init[971]: ci-info: | enp0s3 | True |         10.0.2.15          | 255.255.255.0 |   .   | 02:1e:15:73:a4:ae |
[   22.917495] cloud-init[971]: ci-info: | enp0s3 | True | fe80::1e:15ff:fe73:a4ae/64 |       .       |  link | 02:1e:15:73:a4:ae |
[   22.917673] cloud-init[971]: ci-info: |   lo   | True |         127.0.0.1          |   255.0.0.0   |   .   |         .         |
[   22.917848] cloud-init[971]: ci-info: |   lo   | True |          ::1/128           |       .       |  host |         .         |
[   22.918023] cloud-init[971]: ci-info: +--------+------+----------------------------+---------------+-------+-------------------+
[   22.918193] cloud-init[971]: ci-info: +++++++++++++++++++++++++++Route IPv4 info++++++++++++++++++++++++++++
[   22.918415] cloud-init[971]: ci-info: +-------+-------------+----------+---------------+-----------+-------+
[   22.918602] cloud-init[971]: ci-info: | Route | Destination | Gateway  |    Genmask    | Interface | Flags |
[   22.918786] cloud-init[971]: ci-info: +-------+-------------+----------+---------------+-----------+-------+
[   22.918966] cloud-init[971]: ci-info: |   0   |   0.0.0.0   | 10.0.2.2 |    0.0.0.0    |   enp0s3  |   UG  |
[   22.919149] cloud-init[971]: ci-info: |   1   |   10.0.2.0  | 0.0.0.0  | 255.255.255.0 |   enp0s3  |   U   |
[   22.919367] cloud-init[971]: ci-info: +-------+-------------+----------+---------------+-----------+-------+
[[0;32m  OK  [0m] Started Initial cloud-init job (metadata service crawler).
[[0;32m  OK  [0m] Reached target System Initialization.
         Starting LXD - unix socket.
[[0;32m  OK  [0m] Listening on D-Bus System Message Bus Socket.
[[0;32m  OK  [0m] Started Daily Cleanup of Temporary Directories.
[[0;32m  OK  [0m] Started ACPI Events Check.
[[0;32m  OK  [0m] Reached target Paths.
[[0;32m  OK  [0m] Listening on ACPID Listen Socket.
[[0;32m  OK  [0m] Started Timer to automatically refresh installed snaps.
         Starting Socket activation for snappy daemon.
[[0;32m  OK  [0m] Listening on UUID daemon activation socket.
[[0;32m  OK  [0m] Reached target Network is Online.
         Starting iSCSI initiator daemon (iscsid)...
[[0;32m  OK  [0m] Started Daily apt download activities.
[[0;32m  OK  [0m] Started Daily apt upgrade and clean activities.
[[0;32m  OK  [0m] Reached target Timers.
[[0;32m  OK  [0m] Reached target Cloud-config availability.
[[0;32m  OK  [0m] Listening on LXD - unix socket.
[[0;32m  OK  [0m] Listening on Socket activation for snappy daemon.
[[0;32m  OK  [0m] Reached target Sockets.
[[0;32m  OK  [0m] Reached target Basic System.
         Starting LXD - container startup/shutdown...
[[0;32m  OK  [0m] Started Regular background program processing daemon.
         Starting LSB: Record successful boot for GRUB...
[[0;32m  OK  [0m] Started Snappy daemon.
         Starting Auto import assertions from block devices...
         Starting Login Service...
[[0;32m  OK  [0m] Started D-Bus System Message Bus.
[[0;32m  OK  [0m] Started Unattended Upgrades Shutdown.
[[0;32m  OK  [0m] Started Deferred execution scheduler.
[[0;32m  OK  [0m] Started ACPI event daemon.
         Starting OpenBSD Secure Shell server...
         Starting System Logging Service...
         Starting LSB: MD monitoring daemon...
         Starting Apply the settings specified in cloud-config...
[[0;32m  OK  [0m] Started FUSE filesystem for LXC.
         Starting Accounts Service...
         Starting /etc/rc.local Compatibility...
[[0;32m  OK  [0m] Started iSCSI initiator daemon (iscsid).
[[0;32m  OK  [0m] Started Auto import assertions from block devices.
[[0;32m  OK  [0m] Started /etc/rc.local Compatibility.
[[0;32m  OK  [0m] Started Login Service.
         Starting Login to default iSCSI targets...
[[0;32m  OK  [0m] Started System Logging Service.
[[0;32m  OK  [0m] Started LSB: Record successful boot for GRUB.
[[0;32m  OK  [0m] Started LSB: MD monitoring daemon.
[[0;32m  OK  [0m] Started LXD - container startup/shutdown.
[[0;32m  OK  [0m] Started Login to default iSCSI targets.
[[0;32m  OK  [0m] Reached target Remote File Systems (Pre).
[[0;32m  OK  [0m] Reached target Remote File Systems.
         Starting LSB: automatic crash report generation...
         Starting LSB: VirtualBox Linux Additions...
         Starting Permit User Sessions...
         Starting LSB: Start Jenkins at boot time...
         Starting LSB: daemon to balance interrupts for SMP systems...
         Starting LSB: Set the CPU Frequency Scaling governor to "ondemand"...
[[0;32m  OK  [0m] Started OpenBSD Secure Shell server.
[[0;32m  OK  [0m] Started Permit User Sessions.
[[0;32m  OK  [0m] Started LSB: Set the CPU Frequency Scaling governor to "ondemand".
[   26.037349] cloud-init[1067]: Cloud-init v. 0.7.9 running 'modules:config' at Thu, 17 Aug 2017 11:22:24 +0000. Up 25.59 seconds.
[[0;32m  OK  [0m] Started LSB: automatic crash report generation.
         Starting Authenticate and Authorize Users to Run Privileged Tasks...
         Starting Hold until boot process finishes up...
         Starting Terminate Plymouth Boot Screen...
[[0;32m  OK  [0m] Started Apply the settings specified in cloud-config.
[[0;32m  OK  [0m] Started LSB: daemon to balance interrupts for SMP systems.
[[0;32m  OK  [0m] Started Hold until boot process finishes up.
[[0;32m  OK  [0m] Started Terminate Plymouth Boot Screen.
[[0;32m  OK  [0m] Started Getty on tty1.
         Starting Set console scheme...
[[0;32m  OK  [0m] Started Serial Getty on ttyS0.
[[0;32m  OK  [0m] Reached target Login Prompts.
[[0;32m  OK  [0m] Started Set console scheme.
[[0;32m  OK  [0m] Started Authenticate and Authorize Users to Run Privileged Tasks.
[[0;32m  OK  [0m] Started Accounts Service.
[[0;32m  OK  [0m] Started LSB: VirtualBox Linux Additions.
[[0;32m  OK  [0m] Created slice User Slice of jenkins.
         Starting User Manager for UID 112...
[[0;32m  OK  [0m] Started Session c1 of user jenkins.
[[0;32m  OK  [0m] Started User Manager for UID 112.
[[0;32m  OK  [0m] Started LSB: Start Jenkins at boot time.
[[0;32m  OK  [0m] Reached target Multi-User System.
         Starting Execute cloud user/final scripts...
[[0;32m  OK  [0m] Reached target Graphical Interface.
         Starting Update UTMP about System Runlevel Changes...
[[0;32m  OK  [0m] Started Update UTMP about System Runlevel Changes.
[   28.784901] cloud-init[1250]: Cloud-init v. 0.7.9 running 'modules:final' at Thu, 17 Aug 2017 11:22:27 +0000. Up 28.46 seconds.
[   28.793782] cloud-init[1250]: Cloud-init v. 0.7.9 finished at Thu, 17 Aug 2017 11:22:27 +0000. Datasource DataSourceNoCloud [seed=/dev/sdb][dsmode=net].  Up 28.76 seconds
[[0;32m  OK  [0m] Started Execute cloud user/final scripts.
[[0;32m  OK  [0m] Reached target Cloud-init target.
         Starting Daily apt download activities...

Ubuntu 16.04.3 LTS ubuntu-xenial ttyS0

ubuntu-xenial login: 